
> backend-mern-employee-salary-management@1.0.0 start
> nodemon index.js

[33m[nodemon] 2.0.22[39m
[33m[nodemon] to restart at any time, enter `rs`[39m
[33m[nodemon] watching path(s): *.*[39m
[33m[nodemon] watching extensions: js,mjs,json[39m
[32m[nodemon] starting `node index.js`[39m
Server up and running...
✅ Database connected
[32m[nodemon] restarting due to changes...[39m
[32m[nodemon] starting `node index.js`[39m
Server up and running...
✅ Database connected
[32m[nodemon] restarting due to changes...[39m
[32m[nodemon] starting `node index.js`[39m
Server up and running...
✅ Database connected
[32m[nodemon] restarting due to changes...[39m
[32m[nodemon] starting `node index.js`[39m
Server up and running...
✅ Database connected
[32m[nodemon] restarting due to changes...[39m
[32m[nodemon] starting `node index.js`[39m
Server up and running...
✅ Database connected
[32m[nodemon] restarting due to changes...[39m
[32m[nodemon] starting `node index.js`[39m
✅ Database connected
Default admin created: username=admin password=123456
Server up and running...
[32m[nodemon] restarting due to changes...[39m
[32m[nodemon] starting `node index.js`[39m
✅ Database connected
Server up and running...
